ARM Linker, 4.1 [Build 894] [Evaluation]

==============================================================================

Section Cross References

    startup_nuc1xx.o(STACK) refers (Special) to heapauxi.o(.text) for __use_two_region_memory
    startup_nuc1xx.o(HEAP) refers (Special) to heapauxi.o(.text) for __use_two_region_memory
    startup_nuc1xx.o(RESET) refers (Special) to heapauxi.o(.text) for __use_two_region_memory
    startup_nuc1xx.o(RESET) refers to startup_nuc1xx.o(STACK) for __initial_sp
    startup_nuc1xx.o(RESET) refers to startup_nuc1xx.o(.text) for Reset_Handler
    startup_nuc1xx.o(RESET) refers to drvsys.o(.text) for BOD_IRQHandler
    startup_nuc1xx.o(RESET) refers to drvgpio.o(.text) for EINT0_IRQHandler
    startup_nuc1xx.o(RESET) refers to drvuart.o(.text) for UART02_IRQHandler
    startup_nuc1xx.o(.text) refers (Special) to heapauxi.o(.text) for __use_two_region_memory
    startup_nuc1xx.o(.text) refers to system_nuc1xx.o(.text) for SystemInit
    startup_nuc1xx.o(.text) refers to 4a.o(.text) for __main
    startup_nuc1xx.o(.text) refers to startup_nuc1xx.o(HEAP) for Heap_Mem
    startup_nuc1xx.o(.text) refers to startup_nuc1xx.o(STACK) for Stack_Mem
    system_nuc1xx.o(.text) refers to aeabi_sdiv.o(.text) for __aeabi_uidivmod
    system_nuc1xx.o(.text) refers to system_nuc1xx.o(.data) for gau32ClkSrcTbl
    drvgpio.o(.text) refers to drvgpio.o(.data) for _pfGPABCallback
    drvgpio.o(.text) refers to drvgpio.o(i.__ARM_common_switch8) for __ARM_common_switch8
    drvsys.o(.text) refers to system_nuc1xx.o(.text) for SystemCoreClockUpdate
    drvsys.o(.text) refers to drvgpio.o(i.__ARM_common_switch8) for __ARM_common_switch8
    drvsys.o(.text) refers to drvsys.o(.data) for BOD_callbackFn
    drvsys.o(.text) refers to aeabi_sdiv.o(.text) for __aeabi_uidivmod
    drvsys.o(.text) refers to drvsys.o(.constdata) for .constdata
    drvsys.o(.text) refers to system_nuc1xx.o(.data) for CyclesPerUs
    drvuart.o(.text) refers to aeabi_sdiv.o(.text) for __aeabi_uidivmod
    drvuart.o(.text) refers to drvsys.o(.text) for DrvSYS_GetExtClockFreq
    drvuart.o(.text) refers to drvuart.o(.data) for g_pfnUART0callback
    lcd_driver.o(.text) refers to drvgpio.o(.text) for DrvGPIO_Open
    lcd_driver.o(.text) refers to lcd_driver.o(.data) for SPI_PORT
    lcd_driver.o(.text) refers to ascii_table.o(.data) for Ascii
    scankey.o(.text) refers to drvgpio.o(.text) for DrvGPIO_Open
    scankey.o(.text) refers to scankey.o(.constdata) for .constdata
    seven_segment.o(.text) refers to drvgpio.o(.text) for DrvGPIO_SetBit
    seven_segment.o(.text) refers to seven_segment.o(.data) for SEG_BUF
    aeabi_idiv0_sigfpe.o(.text) refers to rt_div0.o(.text) for __rt_div0
    rt_div0.o(.text) refers to defsig_fpe_outer.o(.text) for __rt_SIGFPE
    defsig_fpe_outer.o(.text) refers to defsig_fpe_inner.o(.text) for __rt_SIGFPE_inner
    defsig_fpe_outer.o(.text) refers to defsig_exit.o(.text) for __sig_exit
    defsig_fpe_formal.o(.text) refers to rt_raise.o(.text) for __rt_raise
    rt_raise.o(.text) refers to __raise.o(.text) for __raise
    rt_raise.o(.text) refers to sys_exit.o(.text) for _sys_exit
    defsig_exit.o(.text) refers to sys_exit.o(.text) for _sys_exit
    defsig_fpe_inner.o(.text) refers to defsig_general.o(.text) for __default_signal_display
    sys_exit.o(.text) refers (Special) to use_no_semi.o(.text) for __I$use$semihosting
    sys_exit.o(.text) refers (Special) to indicate_semi.o(.text) for __semihosting_library_function
    __raise.o(.text) refers to defsig.o(CL$$defsig) for __default_signal_handler
    defsig_general.o(.text) refers to sys_wrch.o(.text) for _ttywrch
    sys_wrch.o(.text) refers (Special) to use_no_semi.o(.text) for __I$use$semihosting
    sys_wrch.o(.text) refers (Special) to indicate_semi.o(.text) for __semihosting_library_function
    defsig.o(CL$$defsig) refers to defsig_fpe_inner.o(.text) for __rt_SIGFPE_inner
    defsig_abrt_inner.o(.text) refers to defsig_general.o(.text) for __default_signal_display
    defsig_rtred_inner.o(.text) refers to defsig_general.o(.text) for __default_signal_display
    defsig_rtmem_inner.o(.text) refers to defsig_general.o(.text) for __default_signal_display
    defsig_stak_inner.o(.text) refers to defsig_general.o(.text) for __default_signal_display
    defsig_pvfn_inner.o(.text) refers to defsig_general.o(.text) for __default_signal_display
    defsig_cppl_inner.o(.text) refers to defsig_general.o(.text) for __default_signal_display
    defsig_segv_inner.o(.text) refers to defsig_general.o(.text) for __default_signal_display
    defsig_other.o(.text) refers to defsig_general.o(.text) for __default_signal_display


==============================================================================

Removing Unused input sections from the image.

    Removing core_cm0.o(.emb_text), (32 bytes).
    Removing lcd_driver.o(.text), (1172 bytes).
    Removing lcd_driver.o(.data), (16 bytes).
    Removing scankey.o(.text), (196 bytes).
    Removing scankey.o(.constdata), (4 bytes).
    Removing ascii_table.o(.data), (1520 bytes).
    Removing seven_segment.o(.text), (100 bytes).
    Removing seven_segment.o(.data), (16 bytes).

8 unused section(s) (total 3056 bytes) removed from the image.

==============================================================================

Image Symbol Table

    Local Symbols

    Symbol Name                              Value     Ov Type        Size  Object(Section)

    RESET                                    0x00000000   Section      192  startup_nuc1xx.o(RESET)
    ../../angel/rt.s                         0x00000000   Number         0  rt_raise.o ABSOLUTE
    ../../angel/rt.s                         0x00000000   Number         0  aeabi_idiv0.o ABSOLUTE
    ../../angel/rt.s                         0x00000000   Number         0  aeabi_idiv0_sigfpe.o ABSOLUTE
    ../../angel/rt.s                         0x00000000   Number         0  rt_div0.o ABSOLUTE
    ../../angel/sys.s                        0x00000000   Number         0  indicate_semi.o ABSOLUTE
    ../../angel/sys.s                        0x00000000   Number         0  use_no_semi.o ABSOLUTE
    ../../angel/sysapp.c                     0x00000000   Number         0  sys_exit.o ABSOLUTE
    ../../angel/sysapp.c                     0x00000000   Number         0  sys_wrch.o ABSOLUTE
    ../../division.s                         0x00000000   Number         0  aeabi_sdiv_div0.o ABSOLUTE
    ../../division.s                         0x00000000   Number         0  aeabi_sdiv.o ABSOLUTE
    ../../heapaux.c                          0x00000000   Number         0  heapauxi.o ABSOLUTE
    ../../signal.c                           0x00000000   Number         0  defsig_other.o ABSOLUTE
    ../../signal.c                           0x00000000   Number         0  defsig_segv_inner.o ABSOLUTE
    ../../signal.c                           0x00000000   Number         0  defsig_cppl_inner.o ABSOLUTE
    ../../signal.c                           0x00000000   Number         0  defsig_pvfn_inner.o ABSOLUTE
    ../../signal.c                           0x00000000   Number         0  defsig_stak_inner.o ABSOLUTE
    ../../signal.c                           0x00000000   Number         0  defsig_rtmem_inner.o ABSOLUTE
    ../../signal.c                           0x00000000   Number         0  defsig_rtred_inner.o ABSOLUTE
    ../../signal.c                           0x00000000   Number         0  defsig_fpe_formal.o ABSOLUTE
    ../../signal.c                           0x00000000   Number         0  defsig_general.o ABSOLUTE
    ../../signal.c                           0x00000000   Number         0  __raise.o ABSOLUTE
    ../../signal.c                           0x00000000   Number         0  defsig_fpe_inner.o ABSOLUTE
    ../../signal.c                           0x00000000   Number         0  defsig_exit.o ABSOLUTE
    ../../signal.c                           0x00000000   Number         0  defsig_fpe_outer.o ABSOLUTE
    ../../signal.c                           0x00000000   Number         0  defsig_abrt_inner.o ABSOLUTE
    ../../signal.s                           0x00000000   Number         0  defsig.o ABSOLUTE
    ..\..\..\..\CMSIS\CM0\CoreSupport\core_cm0.c 0x00000000   Number         0  core_cm0.o ABSOLUTE
    ..\..\..\..\CMSIS\CM0\DeviceSupport\Nuvoton\NUC1xx\system_NUC1xx.c 0x00000000   Number         0  system_nuc1xx.o ABSOLUTE
    ..\..\..\Src\Driver\DrvGPIO.c            0x00000000   Number         0  drvgpio.o ABSOLUTE
    ..\..\..\Src\Driver\DrvSYS.c             0x00000000   Number         0  drvsys.o ABSOLUTE
    ..\..\..\Src\Driver\DrvUART.c            0x00000000   Number         0  drvuart.o ABSOLUTE
    ..\..\..\Src\NUC1xx-LB_002\Ascii_Table.C 0x00000000   Number         0  ascii_table.o ABSOLUTE
    ..\..\..\Src\NUC1xx-LB_002\LCD_Driver.c  0x00000000   Number         0  lcd_driver.o ABSOLUTE
    ..\..\..\Src\NUC1xx-LB_002\ScanKey.c     0x00000000   Number         0  scankey.o ABSOLUTE
    ..\..\..\Src\NUC1xx-LB_002\Seven_Segment.c 0x00000000   Number         0  seven_segment.o ABSOLUTE
    ..\\..\\..\\..\\CMSIS\\CM0\\CoreSupport\\core_cm0.c 0x00000000   Number         0  core_cm0.o ABSOLUTE
    4a.asm                                   0x00000000   Number         0  4a.o ABSOLUTE
    dc.s                                     0x00000000   Number         0  dc.o ABSOLUTE
    startup_NUC1xx.s                         0x00000000   Number         0  startup_nuc1xx.o ABSOLUTE
    .text                                    0x000000c0   Section      100  startup_nuc1xx.o(.text)
    Default_Handler                          0x000000eb   Thumb Code     2  startup_nuc1xx.o(.text)
    .text                                    0x00000124   Section        0  system_nuc1xx.o(.text)
    .text                                    0x000001c4   Section        0  drvgpio.o(.text)
    NVIC_SetPriority                         0x000001c5   Thumb Code   110  drvgpio.o(.text)
    NVIC_EnableIRQ                           0x00000f7f   Thumb Code    14  drvgpio.o(.text)
    NVIC_DisableIRQ                          0x00000f8d   Thumb Code    16  drvgpio.o(.text)
    .text                                    0x00000fb4   Section        0  drvsys.o(.text)
    NVIC_SetPriority                         0x00000fb5   Thumb Code   110  drvsys.o(.text)
    NVIC_EnableIRQ                           0x000019fb   Thumb Code    14  drvsys.o(.text)
    NVIC_DisableIRQ                          0x00001a09   Thumb Code    16  drvsys.o(.text)
    .text                                    0x00001a3c   Section        0  drvuart.o(.text)
    BaudRateCalculator                       0x00001a81   Thumb Code   204  drvuart.o(.text)
    GetUartClk                               0x00001b4d   Thumb Code    62  drvuart.o(.text)
    NVIC_EnableIRQ                           0x00002383   Thumb Code    14  drvuart.o(.text)
    NVIC_DisableIRQ                          0x00002391   Thumb Code    16  drvuart.o(.text)
    .text                                    0x000023ac   Section       18  4a.o(.text)
    .text                                    0x000023be   Section      346  aeabi_sdiv.o(.text)
    .text                                    0x00002518   Section        0  heapauxi.o(.text)
    i.__ARM_common_switch8                   0x0000251e   Section        0  drvgpio.o(i.__ARM_common_switch8)
    .constdata                               0x0000253c   Section       16  drvsys.o(.constdata)
    .data                                    0x20000000   Section       28  system_nuc1xx.o(.data)
    .data                                    0x2000001c   Section       16  drvgpio.o(.data)
    _pfGPABCallback                          0x2000001c   Data           4  drvgpio.o(.data)
    _pfGPCDECallback                         0x20000020   Data           4  drvgpio.o(.data)
    _pfEINT0Callback                         0x20000024   Data           4  drvgpio.o(.data)
    _pfEINT1Callback                         0x20000028   Data           4  drvgpio.o(.data)
    .data                                    0x2000002c   Section        8  drvsys.o(.data)
    BOD_callbackFn                           0x2000002c   Data           4  drvsys.o(.data)
    PWRWU_callbackFn                         0x20000030   Data           4  drvsys.o(.data)
    .data                                    0x20000034   Section       12  drvuart.o(.data)
    g_pfnUART0callback                       0x20000034   Data           4  drvuart.o(.data)
    g_pfnUART1callback                       0x20000038   Data           4  drvuart.o(.data)
    g_pfnUART2callback                       0x2000003c   Data           4  drvuart.o(.data)
    HEAP                                     0x20000040   Section        0  startup_nuc1xx.o(HEAP)
    STACK                                    0x20000040   Section     1024  startup_nuc1xx.o(STACK)
    Heap_Mem                                 0x20000040   Data           0  startup_nuc1xx.o(HEAP)
    Stack_Mem                                0x20000040   Data        1024  startup_nuc1xx.o(STACK)
    __initial_sp                             0x20000440   Data           0  startup_nuc1xx.o(STACK)

    Global Symbols

    Symbol Name                              Value     Ov Type        Size  Object(Section)

    BuildAttributes$$THM_ISAv3M$S$PE$A:L22$X:L11$S22$IEEE1$IW$USESV6$~STKCKD$USESV7$~SHL$OSPACE$ROPI$EBA8$STANDARDLIB$REQ8$PRES8$EABIv2 0x00000000   Number         0  anon$$obj.o ABSOLUTE
    __Vectors                                0x00000000   Data           4  startup_nuc1xx.o(RESET)
    __sigvec_lookup                           - Undefined Weak Reference
    Reset_Handler                            0x000000c1   Thumb Code    32  startup_nuc1xx.o(.text)
    NMI_Handler                              0x000000e1   Thumb Code     2  startup_nuc1xx.o(.text)
    HardFault_Handler                        0x000000e3   Thumb Code     2  startup_nuc1xx.o(.text)
    SVC_Handler                              0x000000e5   Thumb Code     2  startup_nuc1xx.o(.text)
    PendSV_Handler                           0x000000e7   Thumb Code     2  startup_nuc1xx.o(.text)
    SysTick_Handler                          0x000000e9   Thumb Code     2  startup_nuc1xx.o(.text)
    ACMP_IRQHandler                          0x000000eb   Thumb Code     0  startup_nuc1xx.o(.text)
    ADC_IRQHandler                           0x000000eb   Thumb Code     0  startup_nuc1xx.o(.text)
    CAN0_IRQHandler                          0x000000eb   Thumb Code     0  startup_nuc1xx.o(.text)
    I2C0_IRQHandler                          0x000000eb   Thumb Code     0  startup_nuc1xx.o(.text)
    I2C1_IRQHandler                          0x000000eb   Thumb Code     0  startup_nuc1xx.o(.text)
    I2S_IRQHandler                           0x000000eb   Thumb Code     0  startup_nuc1xx.o(.text)
    PDMA_IRQHandler                          0x000000eb   Thumb Code     0  startup_nuc1xx.o(.text)
    PS2_IRQHandler                           0x000000eb   Thumb Code     0  startup_nuc1xx.o(.text)
    PWMA_IRQHandler                          0x000000eb   Thumb Code     0  startup_nuc1xx.o(.text)
    PWMB_IRQHandler                          0x000000eb   Thumb Code     0  startup_nuc1xx.o(.text)
    RTC_IRQHandler                           0x000000eb   Thumb Code     0  startup_nuc1xx.o(.text)
    SPI0_IRQHandler                          0x000000eb   Thumb Code     0  startup_nuc1xx.o(.text)
    SPI1_IRQHandler                          0x000000eb   Thumb Code     0  startup_nuc1xx.o(.text)
    SPI2_IRQHandler                          0x000000eb   Thumb Code     0  startup_nuc1xx.o(.text)
    SPI3_IRQHandler                          0x000000eb   Thumb Code     0  startup_nuc1xx.o(.text)
    TMR0_IRQHandler                          0x000000eb   Thumb Code     0  startup_nuc1xx.o(.text)
    TMR1_IRQHandler                          0x000000eb   Thumb Code     0  startup_nuc1xx.o(.text)
    TMR2_IRQHandler                          0x000000eb   Thumb Code     0  startup_nuc1xx.o(.text)
    TMR3_IRQHandler                          0x000000eb   Thumb Code     0  startup_nuc1xx.o(.text)
    USBD_IRQHandler                          0x000000eb   Thumb Code     0  startup_nuc1xx.o(.text)
    WDT_IRQHandler                           0x000000eb   Thumb Code     0  startup_nuc1xx.o(.text)
    __user_initial_stackheap                 0x000000ed   Thumb Code     0  startup_nuc1xx.o(.text)
    SystemCoreClockUpdate                    0x00000125   Thumb Code   130  system_nuc1xx.o(.text)
    SystemInit                               0x000001a7   Thumb Code     2  system_nuc1xx.o(.text)
    GPAB_IRQHandler                          0x00000233   Thumb Code    52  drvgpio.o(.text)
    GPCDE_IRQHandler                         0x00000267   Thumb Code    56  drvgpio.o(.text)
    EINT0_IRQHandler                         0x0000029f   Thumb Code    28  drvgpio.o(.text)
    EINT1_IRQHandler                         0x000002bb   Thumb Code    28  drvgpio.o(.text)
    DrvGPIO_Open                             0x000002d7   Thumb Code   110  drvgpio.o(.text)
    DrvGPIO_Close                            0x00000345   Thumb Code    54  drvgpio.o(.text)
    DrvGPIO_SetBit                           0x0000037b   Thumb Code    36  drvgpio.o(.text)
    DrvGPIO_GetBit                           0x0000039f   Thumb Code    34  drvgpio.o(.text)
    DrvGPIO_ClrBit                           0x000003c1   Thumb Code    36  drvgpio.o(.text)
    DrvGPIO_SetPortBits                      0x000003e5   Thumb Code    16  drvgpio.o(.text)
    DrvGPIO_GetPortBits                      0x000003f5   Thumb Code    12  drvgpio.o(.text)
    DrvGPIO_GetDoutBit                       0x00000401   Thumb Code    30  drvgpio.o(.text)
    DrvGPIO_GetPortDoutBits                  0x0000041f   Thumb Code    20  drvgpio.o(.text)
    DrvGPIO_SetBitMask                       0x00000433   Thumb Code    26  drvgpio.o(.text)
    DrvGPIO_GetBitMask                       0x0000044d   Thumb Code    22  drvgpio.o(.text)
    DrvGPIO_ClrBitMask                       0x00000463   Thumb Code    26  drvgpio.o(.text)
    DrvGPIO_GetPortMask                      0x0000047d   Thumb Code    12  drvgpio.o(.text)
    DrvGPIO_SetPortMask                      0x00000489   Thumb Code    26  drvgpio.o(.text)
    DrvGPIO_ClrPortMask                      0x000004a3   Thumb Code    26  drvgpio.o(.text)
    DrvGPIO_EnableDigitalInputBit            0x000004bd   Thumb Code    32  drvgpio.o(.text)
    DrvGPIO_DisableDigitalInputBit           0x000004dd   Thumb Code    32  drvgpio.o(.text)
    DrvGPIO_EnableDebounce                   0x000004fd   Thumb Code    44  drvgpio.o(.text)
    DrvGPIO_DisableDebounce                  0x00000529   Thumb Code    42  drvgpio.o(.text)
    DrvGPIO_SetDebounceTime                  0x00000553   Thumb Code    60  drvgpio.o(.text)
    DrvGPIO_GetDebounceSampleCycle           0x0000058f   Thumb Code    12  drvgpio.o(.text)
    DrvGPIO_EnableInt                        0x0000059b   Thumb Code   250  drvgpio.o(.text)
    DrvGPIO_DisableInt                       0x00000695   Thumb Code    68  drvgpio.o(.text)
    DrvGPIO_SetIntCallback                   0x000006d9   Thumb Code    10  drvgpio.o(.text)
    DrvGPIO_EnableEINT0                      0x000006e3   Thumb Code   118  drvgpio.o(.text)
    DrvGPIO_DisableEINT0                     0x00000759   Thumb Code    24  drvgpio.o(.text)
    DrvGPIO_EnableEINT1                      0x00000771   Thumb Code   116  drvgpio.o(.text)
    DrvGPIO_DisableEINT1                     0x000007e5   Thumb Code    24  drvgpio.o(.text)
    DrvGPIO_GetIntStatus                     0x000007fd   Thumb Code    14  drvgpio.o(.text)
    DrvGPIO_InitFunction                     0x0000080b   Thumb Code  1904  drvgpio.o(.text)
    DrvGPIO_GetVersion                       0x00000f7b   Thumb Code     4  drvgpio.o(.text)
    DrvSYS_GetVersion                        0x00001023   Thumb Code     4  drvsys.o(.text)
    DrvSYS_ReadProductID                     0x00001027   Thumb Code     8  drvsys.o(.text)
    DrvSYS_UnlockProtectedReg                0x0000102f   Thumb Code    34  drvsys.o(.text)
    DrvSYS_LockProtectedReg                  0x00001051   Thumb Code    28  drvsys.o(.text)
    DrvSYS_IsProtectedRegLocked              0x0000106d   Thumb Code    10  drvsys.o(.text)
    DrvSYS_GetResetSource                    0x00001077   Thumb Code     8  drvsys.o(.text)
    DrvSYS_ClearResetSource                  0x0000107f   Thumb Code    12  drvsys.o(.text)
    DrvSYS_ResetIP                           0x0000108b   Thumb Code   110  drvsys.o(.text)
    DrvSYS_ResetCPU                          0x000010f9   Thumb Code    20  drvsys.o(.text)
    DrvSYS_ResetChip                         0x0000110d   Thumb Code    20  drvsys.o(.text)
    DrvSYS_SelectBODVolt                     0x00001121   Thumb Code    26  drvsys.o(.text)
    DrvSYS_SetBODFunction                    0x0000113b   Thumb Code    88  drvsys.o(.text)
    DrvSYS_EnableBODLowPowerMode             0x00001193   Thumb Code    20  drvsys.o(.text)
    DrvSYS_DisableBODLowPowerMode            0x000011a7   Thumb Code    18  drvsys.o(.text)
    DrvSYS_GetBODState                       0x000011b9   Thumb Code    12  drvsys.o(.text)
    DrvSYS_EnableLowVoltReset                0x000011c5   Thumb Code    20  drvsys.o(.text)
    DrvSYS_DisableLowVoltReset               0x000011d9   Thumb Code    18  drvsys.o(.text)
    DrvSYS_EnableTemperatureSensor           0x000011eb   Thumb Code    20  drvsys.o(.text)
    DrvSYS_DisableTemperatureSensor          0x000011ff   Thumb Code    18  drvsys.o(.text)
    DrvSYS_EnablePOR                         0x00001211   Thumb Code    10  drvsys.o(.text)
    DrvSYS_DisablePOR                        0x0000121b   Thumb Code     8  drvsys.o(.text)
    BOD_IRQHandler                           0x00001223   Thumb Code    36  drvsys.o(.text)
    DrvSYS_SetIPClock                        0x00001247   Thumb Code   114  drvsys.o(.text)
    DrvSYS_SelectHCLKSource                  0x000012b9   Thumb Code    48  drvsys.o(.text)
    DrvSYS_SelectSysTickSource               0x000012e9   Thumb Code    44  drvsys.o(.text)
    DrvSYS_SelectIPClockSource               0x00001315   Thumb Code   376  drvsys.o(.text)
    DrvSYS_SetClockDivider                   0x0000148d   Thumb Code   130  drvsys.o(.text)
    DrvSYS_SetOscCtrl                        0x0000150f   Thumb Code   120  drvsys.o(.text)
    PWRWU_IRQHandler                         0x00001587   Thumb Code    32  drvsys.o(.text)
    DrvSYS_SetPowerDownWakeUpInt             0x000015a7   Thumb Code    98  drvsys.o(.text)
    DrvSYS_EnterPowerDown                    0x00001609   Thumb Code    52  drvsys.o(.text)
    DrvSYS_SelectPLLSource                   0x0000163d   Thumb Code    26  drvsys.o(.text)
    DrvSYS_SetPLLMode                        0x00001657   Thumb Code    46  drvsys.o(.text)
    DrvSYS_GetExtClockFreq                   0x00001685   Thumb Code     4  drvsys.o(.text)
    DrvSYS_GetPLLContent                     0x00001689   Thumb Code   164  drvsys.o(.text)
    DrvSYS_SetPLLContent                     0x0000172d   Thumb Code    72  drvsys.o(.text)
    DrvSYS_GetPLLClockFreq                   0x00001775   Thumb Code   150  drvsys.o(.text)
    DrvSYS_GetHCLKFreq                       0x0000180b   Thumb Code    92  drvsys.o(.text)
    DrvSYS_Open                              0x00001867   Thumb Code   156  drvsys.o(.text)
    DrvSYS_SetFreqDividerOutput              0x00001903   Thumb Code    70  drvsys.o(.text)
    DrvSYS_EnableHighPerformanceMode         0x00001949   Thumb Code    20  drvsys.o(.text)
    DrvSYS_DisableHighPerformanceMode        0x0000195d   Thumb Code    18  drvsys.o(.text)
    DrvSYS_Delay                             0x0000196f   Thumb Code    34  drvsys.o(.text)
    DrvSYS_GetChipClockSourceStatus          0x00001991   Thumb Code    80  drvsys.o(.text)
    DrvSYS_GetClockSwitchStatus              0x000019e1   Thumb Code    10  drvsys.o(.text)
    DrvSYS_ClearClockSwitchStatus            0x000019eb   Thumb Code    16  drvsys.o(.text)
    UART02_IRQHandler                        0x00001a3d   Thumb Code    44  drvuart.o(.text)
    UART1_IRQHandler                         0x00001a69   Thumb Code    24  drvuart.o(.text)
    DrvUART_SetRTS                           0x00001b8b   Thumb Code    46  drvuart.o(.text)
    DrvUART_Open                             0x00001bb9   Thumb Code   598  drvuart.o(.text)
    DrvUART_Close                            0x00001e0f   Thumb Code   182  drvuart.o(.text)
    DrvUART_EnableInt                        0x00001ec5   Thumb Code   238  drvuart.o(.text)
    DrvUART_DisableInt                       0x00001fb3   Thumb Code   156  drvuart.o(.text)
    DrvUART_ClearIntFlag                     0x0000204f   Thumb Code   138  drvuart.o(.text)
    DrvUART_GetIntStatus                     0x000020d9   Thumb Code    14  drvuart.o(.text)
    DrvUART_GetCTSInfo                       0x000020e7   Thumb Code    24  drvuart.o(.text)
    DrvUART_Read                             0x000020ff   Thumb Code    58  drvuart.o(.text)
    DrvUART_Write                            0x00002139   Thumb Code    58  drvuart.o(.text)
    DrvUART_EnablePDMA                       0x00002173   Thumb Code    76  drvuart.o(.text)
    DrvUART_DisablePDMA                      0x000021bf   Thumb Code    68  drvuart.o(.text)
    DrvUART_SetFnIRDA                        0x00002203   Thumb Code   118  drvuart.o(.text)
    DrvUART_SetFnLIN                         0x00002279   Thumb Code    72  drvuart.o(.text)
    DrvUART_SetFnRS485                       0x000022c1   Thumb Code   190  drvuart.o(.text)
    DrvUART_GetVersion                       0x0000237f   Thumb Code     4  drvuart.o(.text)
    __main                                   0x000023b7   Thumb Code     0  4a.o(.text)
    __aeabi_uidiv                            0x000023bf   Thumb Code     0  aeabi_sdiv.o(.text)
    __aeabi_uidivmod                         0x000023bf   Thumb Code    20  aeabi_sdiv.o(.text)
    __aeabi_idiv                             0x000023d3   Thumb Code     0  aeabi_sdiv.o(.text)
    __aeabi_idivmod                          0x000023d3   Thumb Code   326  aeabi_sdiv.o(.text)
    __use_two_region_memory                  0x00002519   Thumb Code     2  heapauxi.o(.text)
    __rt_heap_escrow$2region                 0x0000251b   Thumb Code     2  heapauxi.o(.text)
    __rt_heap_expand$2region                 0x0000251d   Thumb Code     2  heapauxi.o(.text)
    __ARM_common_switch8                     0x0000251f   Thumb Code    28  drvgpio.o(i.__ARM_common_switch8)
    SystemCoreClock                          0x20000000   Data           4  system_nuc1xx.o(.data)
    CyclesPerUs                              0x20000004   Data           4  system_nuc1xx.o(.data)
    gau32ClkSrcTbl                           0x20000008   Data          20  system_nuc1xx.o(.data)



==============================================================================

Memory Map of the image

  Image Entry point : 0x000000c1

  Load Region LR_1 (Base: 0x00000000, Size: 0x0000258c, Max: 0xffffffff, ABSOLUTE)

    Execution Region ER_RO (Base: 0x00000000, Size: 0x0000254c, Max: 0xffffffff, ABSOLUTE)

    Base Addr    Size         Type   Attr      Idx    E Section Name        Object

    0x00000000   0x000000c0   Data   RO            3    RESET               startup_nuc1xx.o
    0x000000c0   0x00000064   Code   RO            4  * .text               startup_nuc1xx.o
    0x00000124   0x000000a0   Code   RO           24    .text               system_nuc1xx.o
    0x000001c4   0x00000df0   Code   RO           54    .text               drvgpio.o
    0x00000fb4   0x00000a88   Code   RO           87    .text               drvsys.o
    0x00001a3c   0x00000970   Code   RO          105    .text               drvuart.o
    0x000023ac   0x00000012   Code   RO          206    .text               4a.o
    0x000023be   0x0000015a   Code   RO          211    .text               c_p.l(aeabi_sdiv.o)
    0x00002518   0x00000006   Code   RO          215    .text               c_p.l(heapauxi.o)
    0x0000251e   0x0000001c   Code   RO           65    i.__ARM_common_switch8  drvgpio.o
    0x0000253a   0x00000002   PAD
    0x0000253c   0x00000010   Data   RO           88    .constdata          drvsys.o


    Execution Region ER_RW (Base: 0x20000000, Size: 0x00000040, Max: 0xffffffff, ABSOLUTE)

    Base Addr    Size         Type   Attr      Idx    E Section Name        Object

    0x20000000   0x0000001c   Data   RW           25    .data               system_nuc1xx.o
    0x2000001c   0x00000010   Data   RW           55    .data               drvgpio.o
    0x2000002c   0x00000008   Data   RW           89    .data               drvsys.o
    0x20000034   0x0000000c   Data   RW          106    .data               drvuart.o


    Execution Region ER_ZI (Base: 0x20000040, Size: 0x00000400, Max: 0xffffffff, ABSOLUTE)

    Base Addr    Size         Type   Attr      Idx    E Section Name        Object

    0x20000040   0x00000000   Zero   RW            2    HEAP                startup_nuc1xx.o
    0x20000040   0x00000400   Zero   RW            1    STACK               startup_nuc1xx.o


==============================================================================

Image component sizes


      Code (inc. data)   RO Data    RW Data    ZI Data      Debug   Object Name

        18          0          0          0          0        212   4a.o
         0          0          0          0          0       4156   core_cm0.o
      3596        166          0         16          0     142463   drvgpio.o
      2696        140         16          8          0      13855   drvsys.o
      2416         86          0         12          0      18408   drvuart.o
       100         46        192          0       1024        624   startup_nuc1xx.o
       160         28          0         28          0       1580   system_nuc1xx.o

    ----------------------------------------------------------------------
      8988        466        208         64       1024     181298   Object Totals
         0          0          0          0          0          0   (incl. Generated)
         2          0          0          0          0          0   (incl. Padding)

    ----------------------------------------------------------------------

      Code (inc. data)   RO Data    RW Data    ZI Data      Debug   Library Member Name

       346          0          0          0          0         92   aeabi_sdiv.o
         6          0          0          0          0        136   heapauxi.o

    ----------------------------------------------------------------------
       352          0          0          0          0        228   Library Totals
         0          0          0          0          0          0   (incl. Padding)

    ----------------------------------------------------------------------

      Code (inc. data)   RO Data    RW Data    ZI Data      Debug   Library Name

       352          0          0          0          0        228   c_p.l

    ----------------------------------------------------------------------
       352          0          0          0          0        228   Library Totals

    ----------------------------------------------------------------------

==============================================================================


      Code (inc. data)   RO Data    RW Data    ZI Data      Debug   

      9340        466        208         64       1024     181078   Grand Totals
      9340        466        208         64       1024     181078   ELF Image Totals
      9340        466        208         64          0          0   ROM Totals

==============================================================================

    Total RO  Size (Code + RO Data)                 9548 (   9.32kB)
    Total RW  Size (RW Data + ZI Data)              1088 (   1.06kB)
    Total ROM Size (Code + RO Data + RW Data)       9612 (   9.39kB)

==============================================================================

