<html>
<body>
<pre>
<h1>µVision Build Log</h1>
<h2>Project:</h2>
C:\Users\Pooja Kumari\Desktop\nu 140\NuvotonPlatform_Keil\Sample\EduSampleCode\Final\final.uvproj
Project File Date:  05/28/2019

<h2>Output:</h2>
Build target 'Target 1'
assembling 1a.asm...
1a.asm(5): error: A1137E: Unexpected characters at end of line
1a.asm(15): warning: A1447W: Missing END directive at end of file, but found a label named END
Target not created
Rebuild target 'Target 1'
assembling startup_NUC1xx.s...
compiling core_cm0.c...
compiling system_NUC1xx.c...
compiling DrvGPIO.c...
compiling DrvSYS.c...
compiling DrvUART.c...
compiling LCD_Driver.c...
compiling ScanKey.c...
compiling Ascii_Table.C...
compiling Seven_Segment.c...
assembling 1a.asm...
1a.asm(5): error: A1137E: Unexpected characters at end of line
1a.asm(15): warning: A1447W: Missing END directive at end of file, but found a label named END
Target not created
Build target 'Target 1'
assembling 1a.asm...
1a.asm(15): warning: A1447W: Missing END directive at end of file, but found a label named END
linking...
Program Size: Code=9340 RO-data=208 RW-data=64 ZI-data=1024  
"final.axf" - 0 Error(s), 1 Warning(s).
Build target 'Target 1'
assembling 1a.asm...
1a.asm(13): warning: A1447W: Missing END directive at end of file, but found a label named END
linking...
Program Size: Code=9328 RO-data=208 RW-data=64 ZI-data=1024  
"final.axf" - 0 Error(s), 1 Warning(s).
Build target 'Target 1'
compiling 1b.c...
1b.c(27): warning:  #1-D: last line of file ends without a newline
linking...
Program Size: Code=9696 RO-data=240 RW-data=64 ZI-data=1120  
"final.axf" - 0 Error(s), 1 Warning(s).
Build target 'Target 1'
assembling 2a.asm...
2a.asm(22): warning: A1447W: Missing END directive at end of file, but found a label named END
linking...
Program Size: Code=9344 RO-data=208 RW-data=64 ZI-data=1024  
"final.axf" - 0 Error(s), 1 Warning(s).
Build target 'Target 1'
linking...
Program Size: Code=9344 RO-data=208 RW-data=64 ZI-data=1024  
"final.axf" - 0 Error(s), 0 Warning(s).
Build target 'Target 1'
assembling 3a.asm...
3a.asm(8): error: A1859E: Flag preserving form of this instruction not available
3a.asm(14): error: A1859E: Flag preserving form of this instruction not available
3a.asm(19): warning: A1447W: Missing END directive at end of file, but found a label named END
Target not created
Build target 'Target 1'
assembling 3a.asm...
3a.asm(19): warning: A1447W: Missing END directive at end of file, but found a label named END
3a.asm(19): warning: A1581W: Added 2 bytes of padding at address 0x16
linking...
Program Size: Code=9352 RO-data=208 RW-data=64 ZI-data=1024  
"final.axf" - 0 Error(s), 2 Warning(s).
Build target 'Target 1'
assembling 4a.asm...
4a.asm(17): warning: A1447W: Missing END directive at end of file, but found a label named END
linking...
Program Size: Code=9340 RO-data=208 RW-data=64 ZI-data=1024  
"final.axf" - 0 Error(s), 1 Warning(s).
